exports[`test renders correctly 1`] = `
<View
  style={
    Object {
      "alignItems": "center",
      "backgroundColor": "white",
      "borderRadius": 2,
      "height": 40,
      "justifyContent": "center",
      "margin": 10,
      "padding": 15,
    }
  }>
  <TextInput
    onChangeText={undefined}
    placeholder="test"
    style={
      Object {
        "flex": 1,
      }
    }
    value={undefined} />
</View>
`;
