exports[`test renders correctly 1`] = `
<TextInput
  onChangeText={undefined}
  placeholder="test"
  secureTextEntry={undefined}
  style={
    Object {
      "alignItems": "center",
      "backgroundColor": "white",
      "borderRadius": 2,
      "color": "#4AC948",
      "height": 40,
      "justifyContent": "center",
      "margin": 10,
      "paddingLeft": 15,
      "paddingRight": 15,
    }
  }
  value={undefined} />
`;
