exports[`test renders correctly 1`] = `
<View>
  <TextInput
    autoCapitalize="none"
    editable={undefined}
    onChangeText={undefined}
    placeholder="test"
    secureTextEntry={true}
    style={
      Object {
        "alignItems": "center",
        "backgroundColor": "white",
        "borderRadius": 2,
        "color": "#48C948",
        "fontFamily": "Helvetica Neue",
        "height": 40,
        "justifyContent": "center",
        "margin": 10,
        "paddingLeft": 15,
        "paddingRight": 15,
        "zIndex": 1,
      }
    }
    value={undefined} />
  <View
    accessibilityComponentType={undefined}
    accessibilityLabel={undefined}
    accessibilityTraits={undefined}
    accessible={true}
    hitSlop={undefined}
    onLayout={undefined}
    onResponderGrant={[Function]}
    onResponderMove={[Function]}
    onResponderRelease={[Function]}
    onResponderTerminate={[Function]}
    onResponderTerminationRequest={[Function]}
    onStartShouldSetResponder={[Function]}
    style={
      Array [
        Object {
          "backgroundColor": "transparent",
        },
        Object {
          "backgroundColor": "transparent",
          "position": "absolute",
          "right": 20,
          "top": 20,
          "zIndex": 9999,
        },
      ]
    }
    testID={undefined}>
    <Text
      accessible={true}
      allowFontScaling={true}
      ellipsizeMode="tail"
      style={
        Object {
          "color": "#48C948",
        }
      }>
      👁
    </Text>
  </View>
</View>
`;
