exports[`test renders correctly 1`] = `
<View
  style={
    Object {
      "backgroundColor": "#eaeaea",
      "borderTopColor": "#eaeaea",
      "borderTopWidth": 1,
      "flex": 1,
      "marginTop": 21,
      "zIndex": 9999,
    }
  }>
  <ScrollView
    closeOnRowPress={true}
    closeOnScroll={true}
    dataSource={
      ListViewDataSource {
        "items": 10,
      }
    }
    disableLeftSwipe={false}
    disableRightSwipe={false}
    initialListSize={10}
    leftOpenValue={0}
    onContentSizeChange={[Function]}
    onEndReachedThreshold={1000}
    onKeyboardDidHide={undefined}
    onKeyboardDidShow={undefined}
    onKeyboardWillHide={undefined}
    onKeyboardWillShow={undefined}
    onLayout={[Function]}
    onScroll={[Function]}
    pageSize={1}
    previewFirstRow={false}
    recalculateHiddenLayout={false}
    removeClippedSubviews={true}
    renderHiddenRow={[Function]}
    renderRow={[Function]}
    rightOpenValue={-150}
    scrollEventThrottle={50}
    scrollRenderAheadDistance={1000}
    stickyHeaderIndices={Array []}>
    <View
      style={Object {}}>
      <View
        style={
          Array [
            Object {
              "bottom": 0,
              "left": 0,
              "overflow": "hidden",
              "position": "absolute",
              "right": 0,
              "top": 0,
            },
            Object {
              "height": 0,
              "width": 0,
            },
          ]
        }>
        <View
          style={
            Object {
              "alignItems": "center",
              "backgroundColor": "#eaeaea",
              "flex": 1,
              "flexDirection": "row",
              "justifyContent": "space-between",
              "paddingLeft": 15,
            }
          }>
          <View
            accessibilityComponentType={undefined}
            accessibilityLabel={undefined}
            accessibilityTraits={undefined}
            accessible={true}
            hitSlop={undefined}
            onLayout={undefined}
            onResponderGrant={[Function]}
            onResponderMove={[Function]}
            onResponderRelease={[Function]}
            onResponderTerminate={[Function]}
            onResponderTerminationRequest={[Function]}
            onStartShouldSetResponder={[Function]}
            style={
              Object {
                "alignItems": "center",
                "backgroundColor": "red",
                "bottom": 0,
                "justifyContent": "center",
                "marginBottom": 1,
                "marginTop": -1,
                "opacity": 1,
                "position": "absolute",
                "right": 0,
                "top": 0,
                "width": 75,
              }
            }
            testID={undefined}>
            <Text
              accessible={true}
              allowFontScaling={true}
              ellipsizeMode="tail"
              style={
                Object {
                  "color": "#FFF",
                }
              }>
              Delete
            </Text>
          </View>
          <View
            style={
              Array [
                Object {
                  "alignItems": "center",
                  "bottom": 0,
                  "justifyContent": "center",
                  "marginBottom": 1,
                  "marginTop": -1,
                  "position": "absolute",
                  "top": 0,
                  "width": 75,
                },
                Object {
                  "backgroundColor": "blue",
                  "right": 75,
                },
              ]
            }>
            <Text
              accessible={true}
              allowFontScaling={true}
              ellipsizeMode="tail"
              style={
                Object {
                  "color": "#FFF",
                }
              }>
              Text
            </Text>
          </View>
        </View>
      </View>
      <View
        onLayout={[Function]}
        onMoveShouldSetResponder={[Function]}
        onMoveShouldSetResponderCapture={[Function]}
        onResponderEnd={[Function]}
        onResponderGrant={[Function]}
        onResponderMove={[Function]}
        onResponderReject={[Function]}
        onResponderRelease={[Function]}
        onResponderStart={[Function]}
        onResponderTerminate={[Function]}
        onResponderTerminationRequest={[Function]}
        onStartShouldSetResponder={[Function]}
        onStartShouldSetResponderCapture={[Function]}
        style={
          Object {
            "transform": Array [
              Object {
                "translateX": 0,
              },
            ],
          }
        }>
        <View
          accessibilityComponentType={undefined}
          accessibilityLabel={undefined}
          accessibilityTraits={undefined}
          accessible={true}
          hitSlop={undefined}
          onLayout={undefined}
          onResponderGrant={[Function]}
          onResponderMove={[Function]}
          onResponderRelease={[Function]}
          onResponderTerminate={[Function]}
          onResponderTerminationRequest={[Function]}
          onStartShouldSetResponder={[Function]}
          style={
            Array [
              Object {
                "backgroundColor": "transparent",
              },
              Object {
                "alignItems": "flex-start",
                "backgroundColor": "white",
                "height": 50,
                "justifyContent": "center",
                "marginBottom": 1,
                "paddingLeft": 20,
                "paddingRight": 20,
              },
            ]
          }
          testID={undefined}>
          <View>
            <Text
              accessible={true}
              allowFontScaling={true}
              ellipsizeMode="tail">
              1
               I\'m in a SwipeListView\'
            </Text>
          </View>
        </View>
      </View>
    </View>
    <View
      style={Object {}}>
      <View
        style={
          Array [
            Object {
              "bottom": 0,
              "left": 0,
              "overflow": "hidden",
              "position": "absolute",
              "right": 0,
              "top": 0,
            },
            Object {
              "height": 0,
              "width": 0,
            },
          ]
        }>
        <View
          style={
            Object {
              "alignItems": "center",
              "backgroundColor": "#eaeaea",
              "flex": 1,
              "flexDirection": "row",
              "justifyContent": "space-between",
              "paddingLeft": 15,
            }
          }>
          <View
            accessibilityComponentType={undefined}
            accessibilityLabel={undefined}
            accessibilityTraits={undefined}
            accessible={true}
            hitSlop={undefined}
            onLayout={undefined}
            onResponderGrant={[Function]}
            onResponderMove={[Function]}
            onResponderRelease={[Function]}
            onResponderTerminate={[Function]}
            onResponderTerminationRequest={[Function]}
            onStartShouldSetResponder={[Function]}
            style={
              Object {
                "alignItems": "center",
                "backgroundColor": "red",
                "bottom": 0,
                "justifyContent": "center",
                "marginBottom": 1,
                "marginTop": -1,
                "opacity": 1,
                "position": "absolute",
                "right": 0,
                "top": 0,
                "width": 75,
              }
            }
            testID={undefined}>
            <Text
              accessible={true}
              allowFontScaling={true}
              ellipsizeMode="tail"
              style={
                Object {
                  "color": "#FFF",
                }
              }>
              Delete
            </Text>
          </View>
          <View
            style={
              Array [
                Object {
                  "alignItems": "center",
                  "bottom": 0,
                  "justifyContent": "center",
                  "marginBottom": 1,
                  "marginTop": -1,
                  "position": "absolute",
                  "top": 0,
                  "width": 75,
                },
                Object {
                  "backgroundColor": "blue",
                  "right": 75,
                },
              ]
            }>
            <Text
              accessible={true}
              allowFontScaling={true}
              ellipsizeMode="tail"
              style={
                Object {
                  "color": "#FFF",
                }
              }>
              Text
            </Text>
          </View>
        </View>
      </View>
      <View
        onLayout={[Function]}
        onMoveShouldSetResponder={[Function]}
        onMoveShouldSetResponderCapture={[Function]}
        onResponderEnd={[Function]}
        onResponderGrant={[Function]}
        onResponderMove={[Function]}
        onResponderReject={[Function]}
        onResponderRelease={[Function]}
        onResponderStart={[Function]}
        onResponderTerminate={[Function]}
        onResponderTerminationRequest={[Function]}
        onStartShouldSetResponder={[Function]}
        onStartShouldSetResponderCapture={[Function]}
        style={
          Object {
            "transform": Array [
              Object {
                "translateX": 0,
              },
            ],
          }
        }>
        <View
          accessibilityComponentType={undefined}
          accessibilityLabel={undefined}
          accessibilityTraits={undefined}
          accessible={true}
          hitSlop={undefined}
          onLayout={undefined}
          onResponderGrant={[Function]}
          onResponderMove={[Function]}
          onResponderRelease={[Function]}
          onResponderTerminate={[Function]}
          onResponderTerminationRequest={[Function]}
          onStartShouldSetResponder={[Function]}
          style={
            Array [
              Object {
                "backgroundColor": "transparent",
              },
              Object {
                "alignItems": "flex-start",
                "backgroundColor": "white",
                "height": 50,
                "justifyContent": "center",
                "marginBottom": 1,
                "paddingLeft": 20,
                "paddingRight": 20,
              },
            ]
          }
          testID={undefined}>
          <View>
            <Text
              accessible={true}
              allowFontScaling={true}
              ellipsizeMode="tail">
              2
               I\'m in a SwipeListView\'
            </Text>
          </View>
        </View>
      </View>
    </View>
    <View
      style={Object {}}>
      <View
        style={
          Array [
            Object {
              "bottom": 0,
              "left": 0,
              "overflow": "hidden",
              "position": "absolute",
              "right": 0,
              "top": 0,
            },
            Object {
              "height": 0,
              "width": 0,
            },
          ]
        }>
        <View
          style={
            Object {
              "alignItems": "center",
              "backgroundColor": "#eaeaea",
              "flex": 1,
              "flexDirection": "row",
              "justifyContent": "space-between",
              "paddingLeft": 15,
            }
          }>
          <View
            accessibilityComponentType={undefined}
            accessibilityLabel={undefined}
            accessibilityTraits={undefined}
            accessible={true}
            hitSlop={undefined}
            onLayout={undefined}
            onResponderGrant={[Function]}
            onResponderMove={[Function]}
            onResponderRelease={[Function]}
            onResponderTerminate={[Function]}
            onResponderTerminationRequest={[Function]}
            onStartShouldSetResponder={[Function]}
            style={
              Object {
                "alignItems": "center",
                "backgroundColor": "red",
                "bottom": 0,
                "justifyContent": "center",
                "marginBottom": 1,
                "marginTop": -1,
                "opacity": 1,
                "position": "absolute",
                "right": 0,
                "top": 0,
                "width": 75,
              }
            }
            testID={undefined}>
            <Text
              accessible={true}
              allowFontScaling={true}
              ellipsizeMode="tail"
              style={
                Object {
                  "color": "#FFF",
                }
              }>
              Delete
            </Text>
          </View>
          <View
            style={
              Array [
                Object {
                  "alignItems": "center",
                  "bottom": 0,
                  "justifyContent": "center",
                  "marginBottom": 1,
                  "marginTop": -1,
                  "position": "absolute",
                  "top": 0,
                  "width": 75,
                },
                Object {
                  "backgroundColor": "blue",
                  "right": 75,
                },
              ]
            }>
            <Text
              accessible={true}
              allowFontScaling={true}
              ellipsizeMode="tail"
              style={
                Object {
                  "color": "#FFF",
                }
              }>
              Text
            </Text>
          </View>
        </View>
      </View>
      <View
        onLayout={[Function]}
        onMoveShouldSetResponder={[Function]}
        onMoveShouldSetResponderCapture={[Function]}
        onResponderEnd={[Function]}
        onResponderGrant={[Function]}
        onResponderMove={[Function]}
        onResponderReject={[Function]}
        onResponderRelease={[Function]}
        onResponderStart={[Function]}
        onResponderTerminate={[Function]}
        onResponderTerminationRequest={[Function]}
        onStartShouldSetResponder={[Function]}
        onStartShouldSetResponderCapture={[Function]}
        style={
          Object {
            "transform": Array [
              Object {
                "translateX": 0,
              },
            ],
          }
        }>
        <View
          accessibilityComponentType={undefined}
          accessibilityLabel={undefined}
          accessibilityTraits={undefined}
          accessible={true}
          hitSlop={undefined}
          onLayout={undefined}
          onResponderGrant={[Function]}
          onResponderMove={[Function]}
          onResponderRelease={[Function]}
          onResponderTerminate={[Function]}
          onResponderTerminationRequest={[Function]}
          onStartShouldSetResponder={[Function]}
          style={
            Array [
              Object {
                "backgroundColor": "transparent",
              },
              Object {
                "alignItems": "flex-start",
                "backgroundColor": "white",
                "height": 50,
                "justifyContent": "center",
                "marginBottom": 1,
                "paddingLeft": 20,
                "paddingRight": 20,
              },
            ]
          }
          testID={undefined}>
          <View>
            <Text
              accessible={true}
              allowFontScaling={true}
              ellipsizeMode="tail">
              3
               I\'m in a SwipeListView\'
            </Text>
          </View>
        </View>
      </View>
    </View>
    <View
      style={Object {}}>
      <View
        style={
          Array [
            Object {
              "bottom": 0,
              "left": 0,
              "overflow": "hidden",
              "position": "absolute",
              "right": 0,
              "top": 0,
            },
            Object {
              "height": 0,
              "width": 0,
            },
          ]
        }>
        <View
          style={
            Object {
              "alignItems": "center",
              "backgroundColor": "#eaeaea",
              "flex": 1,
              "flexDirection": "row",
              "justifyContent": "space-between",
              "paddingLeft": 15,
            }
          }>
          <View
            accessibilityComponentType={undefined}
            accessibilityLabel={undefined}
            accessibilityTraits={undefined}
            accessible={true}
            hitSlop={undefined}
            onLayout={undefined}
            onResponderGrant={[Function]}
            onResponderMove={[Function]}
            onResponderRelease={[Function]}
            onResponderTerminate={[Function]}
            onResponderTerminationRequest={[Function]}
            onStartShouldSetResponder={[Function]}
            style={
              Object {
                "alignItems": "center",
                "backgroundColor": "red",
                "bottom": 0,
                "justifyContent": "center",
                "marginBottom": 1,
                "marginTop": -1,
                "opacity": 1,
                "position": "absolute",
                "right": 0,
                "top": 0,
                "width": 75,
              }
            }
            testID={undefined}>
            <Text
              accessible={true}
              allowFontScaling={true}
              ellipsizeMode="tail"
              style={
                Object {
                  "color": "#FFF",
                }
              }>
              Delete
            </Text>
          </View>
          <View
            style={
              Array [
                Object {
                  "alignItems": "center",
                  "bottom": 0,
                  "justifyContent": "center",
                  "marginBottom": 1,
                  "marginTop": -1,
                  "position": "absolute",
                  "top": 0,
                  "width": 75,
                },
                Object {
                  "backgroundColor": "blue",
                  "right": 75,
                },
              ]
            }>
            <Text
              accessible={true}
              allowFontScaling={true}
              ellipsizeMode="tail"
              style={
                Object {
                  "color": "#FFF",
                }
              }>
              Text
            </Text>
          </View>
        </View>
      </View>
      <View
        onLayout={[Function]}
        onMoveShouldSetResponder={[Function]}
        onMoveShouldSetResponderCapture={[Function]}
        onResponderEnd={[Function]}
        onResponderGrant={[Function]}
        onResponderMove={[Function]}
        onResponderReject={[Function]}
        onResponderRelease={[Function]}
        onResponderStart={[Function]}
        onResponderTerminate={[Function]}
        onResponderTerminationRequest={[Function]}
        onStartShouldSetResponder={[Function]}
        onStartShouldSetResponderCapture={[Function]}
        style={
          Object {
            "transform": Array [
              Object {
                "translateX": 0,
              },
            ],
          }
        }>
        <View
          accessibilityComponentType={undefined}
          accessibilityLabel={undefined}
          accessibilityTraits={undefined}
          accessible={true}
          hitSlop={undefined}
          onLayout={undefined}
          onResponderGrant={[Function]}
          onResponderMove={[Function]}
          onResponderRelease={[Function]}
          onResponderTerminate={[Function]}
          onResponderTerminationRequest={[Function]}
          onStartShouldSetResponder={[Function]}
          style={
            Array [
              Object {
                "backgroundColor": "transparent",
              },
              Object {
                "alignItems": "flex-start",
                "backgroundColor": "white",
                "height": 50,
                "justifyContent": "center",
                "marginBottom": 1,
                "paddingLeft": 20,
                "paddingRight": 20,
              },
            ]
          }
          testID={undefined}>
          <View>
            <Text
              accessible={true}
              allowFontScaling={true}
              ellipsizeMode="tail">
              4
               I\'m in a SwipeListView\'
            </Text>
          </View>
        </View>
      </View>
    </View>
    <View
      style={Object {}}>
      <View
        style={
          Array [
            Object {
              "bottom": 0,
              "left": 0,
              "overflow": "hidden",
              "position": "absolute",
              "right": 0,
              "top": 0,
            },
            Object {
              "height": 0,
              "width": 0,
            },
          ]
        }>
        <View
          style={
            Object {
              "alignItems": "center",
              "backgroundColor": "#eaeaea",
              "flex": 1,
              "flexDirection": "row",
              "justifyContent": "space-between",
              "paddingLeft": 15,
            }
          }>
          <View
            accessibilityComponentType={undefined}
            accessibilityLabel={undefined}
            accessibilityTraits={undefined}
            accessible={true}
            hitSlop={undefined}
            onLayout={undefined}
            onResponderGrant={[Function]}
            onResponderMove={[Function]}
            onResponderRelease={[Function]}
            onResponderTerminate={[Function]}
            onResponderTerminationRequest={[Function]}
            onStartShouldSetResponder={[Function]}
            style={
              Object {
                "alignItems": "center",
                "backgroundColor": "red",
                "bottom": 0,
                "justifyContent": "center",
                "marginBottom": 1,
                "marginTop": -1,
                "opacity": 1,
                "position": "absolute",
                "right": 0,
                "top": 0,
                "width": 75,
              }
            }
            testID={undefined}>
            <Text
              accessible={true}
              allowFontScaling={true}
              ellipsizeMode="tail"
              style={
                Object {
                  "color": "#FFF",
                }
              }>
              Delete
            </Text>
          </View>
          <View
            style={
              Array [
                Object {
                  "alignItems": "center",
                  "bottom": 0,
                  "justifyContent": "center",
                  "marginBottom": 1,
                  "marginTop": -1,
                  "position": "absolute",
                  "top": 0,
                  "width": 75,
                },
                Object {
                  "backgroundColor": "blue",
                  "right": 75,
                },
              ]
            }>
            <Text
              accessible={true}
              allowFontScaling={true}
              ellipsizeMode="tail"
              style={
                Object {
                  "color": "#FFF",
                }
              }>
              Text
            </Text>
          </View>
        </View>
      </View>
      <View
        onLayout={[Function]}
        onMoveShouldSetResponder={[Function]}
        onMoveShouldSetResponderCapture={[Function]}
        onResponderEnd={[Function]}
        onResponderGrant={[Function]}
        onResponderMove={[Function]}
        onResponderReject={[Function]}
        onResponderRelease={[Function]}
        onResponderStart={[Function]}
        onResponderTerminate={[Function]}
        onResponderTerminationRequest={[Function]}
        onStartShouldSetResponder={[Function]}
        onStartShouldSetResponderCapture={[Function]}
        style={
          Object {
            "transform": Array [
              Object {
                "translateX": 0,
              },
            ],
          }
        }>
        <View
          accessibilityComponentType={undefined}
          accessibilityLabel={undefined}
          accessibilityTraits={undefined}
          accessible={true}
          hitSlop={undefined}
          onLayout={undefined}
          onResponderGrant={[Function]}
          onResponderMove={[Function]}
          onResponderRelease={[Function]}
          onResponderTerminate={[Function]}
          onResponderTerminationRequest={[Function]}
          onStartShouldSetResponder={[Function]}
          style={
            Array [
              Object {
                "backgroundColor": "transparent",
              },
              Object {
                "alignItems": "flex-start",
                "backgroundColor": "white",
                "height": 50,
                "justifyContent": "center",
                "marginBottom": 1,
                "paddingLeft": 20,
                "paddingRight": 20,
              },
            ]
          }
          testID={undefined}>
          <View>
            <Text
              accessible={true}
              allowFontScaling={true}
              ellipsizeMode="tail">
              5
               I\'m in a SwipeListView\'
            </Text>
          </View>
        </View>
      </View>
    </View>
    <View
      style={Object {}}>
      <View
        style={
          Array [
            Object {
              "bottom": 0,
              "left": 0,
              "overflow": "hidden",
              "position": "absolute",
              "right": 0,
              "top": 0,
            },
            Object {
              "height": 0,
              "width": 0,
            },
          ]
        }>
        <View
          style={
            Object {
              "alignItems": "center",
              "backgroundColor": "#eaeaea",
              "flex": 1,
              "flexDirection": "row",
              "justifyContent": "space-between",
              "paddingLeft": 15,
            }
          }>
          <View
            accessibilityComponentType={undefined}
            accessibilityLabel={undefined}
            accessibilityTraits={undefined}
            accessible={true}
            hitSlop={undefined}
            onLayout={undefined}
            onResponderGrant={[Function]}
            onResponderMove={[Function]}
            onResponderRelease={[Function]}
            onResponderTerminate={[Function]}
            onResponderTerminationRequest={[Function]}
            onStartShouldSetResponder={[Function]}
            style={
              Object {
                "alignItems": "center",
                "backgroundColor": "red",
                "bottom": 0,
                "justifyContent": "center",
                "marginBottom": 1,
                "marginTop": -1,
                "opacity": 1,
                "position": "absolute",
                "right": 0,
                "top": 0,
                "width": 75,
              }
            }
            testID={undefined}>
            <Text
              accessible={true}
              allowFontScaling={true}
              ellipsizeMode="tail"
              style={
                Object {
                  "color": "#FFF",
                }
              }>
              Delete
            </Text>
          </View>
          <View
            style={
              Array [
                Object {
                  "alignItems": "center",
                  "bottom": 0,
                  "justifyContent": "center",
                  "marginBottom": 1,
                  "marginTop": -1,
                  "position": "absolute",
                  "top": 0,
                  "width": 75,
                },
                Object {
                  "backgroundColor": "blue",
                  "right": 75,
                },
              ]
            }>
            <Text
              accessible={true}
              allowFontScaling={true}
              ellipsizeMode="tail"
              style={
                Object {
                  "color": "#FFF",
                }
              }>
              Text
            </Text>
          </View>
        </View>
      </View>
      <View
        onLayout={[Function]}
        onMoveShouldSetResponder={[Function]}
        onMoveShouldSetResponderCapture={[Function]}
        onResponderEnd={[Function]}
        onResponderGrant={[Function]}
        onResponderMove={[Function]}
        onResponderReject={[Function]}
        onResponderRelease={[Function]}
        onResponderStart={[Function]}
        onResponderTerminate={[Function]}
        onResponderTerminationRequest={[Function]}
        onStartShouldSetResponder={[Function]}
        onStartShouldSetResponderCapture={[Function]}
        style={
          Object {
            "transform": Array [
              Object {
                "translateX": 0,
              },
            ],
          }
        }>
        <View
          accessibilityComponentType={undefined}
          accessibilityLabel={undefined}
          accessibilityTraits={undefined}
          accessible={true}
          hitSlop={undefined}
          onLayout={undefined}
          onResponderGrant={[Function]}
          onResponderMove={[Function]}
          onResponderRelease={[Function]}
          onResponderTerminate={[Function]}
          onResponderTerminationRequest={[Function]}
          onStartShouldSetResponder={[Function]}
          style={
            Array [
              Object {
                "backgroundColor": "transparent",
              },
              Object {
                "alignItems": "flex-start",
                "backgroundColor": "white",
                "height": 50,
                "justifyContent": "center",
                "marginBottom": 1,
                "paddingLeft": 20,
                "paddingRight": 20,
              },
            ]
          }
          testID={undefined}>
          <View>
            <Text
              accessible={true}
              allowFontScaling={true}
              ellipsizeMode="tail">
              6
               I\'m in a SwipeListView\'
            </Text>
          </View>
        </View>
      </View>
    </View>
    <View
      style={Object {}}>
      <View
        style={
          Array [
            Object {
              "bottom": 0,
              "left": 0,
              "overflow": "hidden",
              "position": "absolute",
              "right": 0,
              "top": 0,
            },
            Object {
              "height": 0,
              "width": 0,
            },
          ]
        }>
        <View
          style={
            Object {
              "alignItems": "center",
              "backgroundColor": "#eaeaea",
              "flex": 1,
              "flexDirection": "row",
              "justifyContent": "space-between",
              "paddingLeft": 15,
            }
          }>
          <View
            accessibilityComponentType={undefined}
            accessibilityLabel={undefined}
            accessibilityTraits={undefined}
            accessible={true}
            hitSlop={undefined}
            onLayout={undefined}
            onResponderGrant={[Function]}
            onResponderMove={[Function]}
            onResponderRelease={[Function]}
            onResponderTerminate={[Function]}
            onResponderTerminationRequest={[Function]}
            onStartShouldSetResponder={[Function]}
            style={
              Object {
                "alignItems": "center",
                "backgroundColor": "red",
                "bottom": 0,
                "justifyContent": "center",
                "marginBottom": 1,
                "marginTop": -1,
                "opacity": 1,
                "position": "absolute",
                "right": 0,
                "top": 0,
                "width": 75,
              }
            }
            testID={undefined}>
            <Text
              accessible={true}
              allowFontScaling={true}
              ellipsizeMode="tail"
              style={
                Object {
                  "color": "#FFF",
                }
              }>
              Delete
            </Text>
          </View>
          <View
            style={
              Array [
                Object {
                  "alignItems": "center",
                  "bottom": 0,
                  "justifyContent": "center",
                  "marginBottom": 1,
                  "marginTop": -1,
                  "position": "absolute",
                  "top": 0,
                  "width": 75,
                },
                Object {
                  "backgroundColor": "blue",
                  "right": 75,
                },
              ]
            }>
            <Text
              accessible={true}
              allowFontScaling={true}
              ellipsizeMode="tail"
              style={
                Object {
                  "color": "#FFF",
                }
              }>
              Text
            </Text>
          </View>
        </View>
      </View>
      <View
        onLayout={[Function]}
        onMoveShouldSetResponder={[Function]}
        onMoveShouldSetResponderCapture={[Function]}
        onResponderEnd={[Function]}
        onResponderGrant={[Function]}
        onResponderMove={[Function]}
        onResponderReject={[Function]}
        onResponderRelease={[Function]}
        onResponderStart={[Function]}
        onResponderTerminate={[Function]}
        onResponderTerminationRequest={[Function]}
        onStartShouldSetResponder={[Function]}
        onStartShouldSetResponderCapture={[Function]}
        style={
          Object {
            "transform": Array [
              Object {
                "translateX": 0,
              },
            ],
          }
        }>
        <View
          accessibilityComponentType={undefined}
          accessibilityLabel={undefined}
          accessibilityTraits={undefined}
          accessible={true}
          hitSlop={undefined}
          onLayout={undefined}
          onResponderGrant={[Function]}
          onResponderMove={[Function]}
          onResponderRelease={[Function]}
          onResponderTerminate={[Function]}
          onResponderTerminationRequest={[Function]}
          onStartShouldSetResponder={[Function]}
          style={
            Array [
              Object {
                "backgroundColor": "transparent",
              },
              Object {
                "alignItems": "flex-start",
                "backgroundColor": "white",
                "height": 50,
                "justifyContent": "center",
                "marginBottom": 1,
                "paddingLeft": 20,
                "paddingRight": 20,
              },
            ]
          }
          testID={undefined}>
          <View>
            <Text
              accessible={true}
              allowFontScaling={true}
              ellipsizeMode="tail">
              7
               I\'m in a SwipeListView\'
            </Text>
          </View>
        </View>
      </View>
    </View>
    <View
      style={Object {}}>
      <View
        style={
          Array [
            Object {
              "bottom": 0,
              "left": 0,
              "overflow": "hidden",
              "position": "absolute",
              "right": 0,
              "top": 0,
            },
            Object {
              "height": 0,
              "width": 0,
            },
          ]
        }>
        <View
          style={
            Object {
              "alignItems": "center",
              "backgroundColor": "#eaeaea",
              "flex": 1,
              "flexDirection": "row",
              "justifyContent": "space-between",
              "paddingLeft": 15,
            }
          }>
          <View
            accessibilityComponentType={undefined}
            accessibilityLabel={undefined}
            accessibilityTraits={undefined}
            accessible={true}
            hitSlop={undefined}
            onLayout={undefined}
            onResponderGrant={[Function]}
            onResponderMove={[Function]}
            onResponderRelease={[Function]}
            onResponderTerminate={[Function]}
            onResponderTerminationRequest={[Function]}
            onStartShouldSetResponder={[Function]}
            style={
              Object {
                "alignItems": "center",
                "backgroundColor": "red",
                "bottom": 0,
                "justifyContent": "center",
                "marginBottom": 1,
                "marginTop": -1,
                "opacity": 1,
                "position": "absolute",
                "right": 0,
                "top": 0,
                "width": 75,
              }
            }
            testID={undefined}>
            <Text
              accessible={true}
              allowFontScaling={true}
              ellipsizeMode="tail"
              style={
                Object {
                  "color": "#FFF",
                }
              }>
              Delete
            </Text>
          </View>
          <View
            style={
              Array [
                Object {
                  "alignItems": "center",
                  "bottom": 0,
                  "justifyContent": "center",
                  "marginBottom": 1,
                  "marginTop": -1,
                  "position": "absolute",
                  "top": 0,
                  "width": 75,
                },
                Object {
                  "backgroundColor": "blue",
                  "right": 75,
                },
              ]
            }>
            <Text
              accessible={true}
              allowFontScaling={true}
              ellipsizeMode="tail"
              style={
                Object {
                  "color": "#FFF",
                }
              }>
              Text
            </Text>
          </View>
        </View>
      </View>
      <View
        onLayout={[Function]}
        onMoveShouldSetResponder={[Function]}
        onMoveShouldSetResponderCapture={[Function]}
        onResponderEnd={[Function]}
        onResponderGrant={[Function]}
        onResponderMove={[Function]}
        onResponderReject={[Function]}
        onResponderRelease={[Function]}
        onResponderStart={[Function]}
        onResponderTerminate={[Function]}
        onResponderTerminationRequest={[Function]}
        onStartShouldSetResponder={[Function]}
        onStartShouldSetResponderCapture={[Function]}
        style={
          Object {
            "transform": Array [
              Object {
                "translateX": 0,
              },
            ],
          }
        }>
        <View
          accessibilityComponentType={undefined}
          accessibilityLabel={undefined}
          accessibilityTraits={undefined}
          accessible={true}
          hitSlop={undefined}
          onLayout={undefined}
          onResponderGrant={[Function]}
          onResponderMove={[Function]}
          onResponderRelease={[Function]}
          onResponderTerminate={[Function]}
          onResponderTerminationRequest={[Function]}
          onStartShouldSetResponder={[Function]}
          style={
            Array [
              Object {
                "backgroundColor": "transparent",
              },
              Object {
                "alignItems": "flex-start",
                "backgroundColor": "white",
                "height": 50,
                "justifyContent": "center",
                "marginBottom": 1,
                "paddingLeft": 20,
                "paddingRight": 20,
              },
            ]
          }
          testID={undefined}>
          <View>
            <Text
              accessible={true}
              allowFontScaling={true}
              ellipsizeMode="tail">
              8
               I\'m in a SwipeListView\'
            </Text>
          </View>
        </View>
      </View>
    </View>
    <View
      style={Object {}}>
      <View
        style={
          Array [
            Object {
              "bottom": 0,
              "left": 0,
              "overflow": "hidden",
              "position": "absolute",
              "right": 0,
              "top": 0,
            },
            Object {
              "height": 0,
              "width": 0,
            },
          ]
        }>
        <View
          style={
            Object {
              "alignItems": "center",
              "backgroundColor": "#eaeaea",
              "flex": 1,
              "flexDirection": "row",
              "justifyContent": "space-between",
              "paddingLeft": 15,
            }
          }>
          <View
            accessibilityComponentType={undefined}
            accessibilityLabel={undefined}
            accessibilityTraits={undefined}
            accessible={true}
            hitSlop={undefined}
            onLayout={undefined}
            onResponderGrant={[Function]}
            onResponderMove={[Function]}
            onResponderRelease={[Function]}
            onResponderTerminate={[Function]}
            onResponderTerminationRequest={[Function]}
            onStartShouldSetResponder={[Function]}
            style={
              Object {
                "alignItems": "center",
                "backgroundColor": "red",
                "bottom": 0,
                "justifyContent": "center",
                "marginBottom": 1,
                "marginTop": -1,
                "opacity": 1,
                "position": "absolute",
                "right": 0,
                "top": 0,
                "width": 75,
              }
            }
            testID={undefined}>
            <Text
              accessible={true}
              allowFontScaling={true}
              ellipsizeMode="tail"
              style={
                Object {
                  "color": "#FFF",
                }
              }>
              Delete
            </Text>
          </View>
          <View
            style={
              Array [
                Object {
                  "alignItems": "center",
                  "bottom": 0,
                  "justifyContent": "center",
                  "marginBottom": 1,
                  "marginTop": -1,
                  "position": "absolute",
                  "top": 0,
                  "width": 75,
                },
                Object {
                  "backgroundColor": "blue",
                  "right": 75,
                },
              ]
            }>
            <Text
              accessible={true}
              allowFontScaling={true}
              ellipsizeMode="tail"
              style={
                Object {
                  "color": "#FFF",
                }
              }>
              Text
            </Text>
          </View>
        </View>
      </View>
      <View
        onLayout={[Function]}
        onMoveShouldSetResponder={[Function]}
        onMoveShouldSetResponderCapture={[Function]}
        onResponderEnd={[Function]}
        onResponderGrant={[Function]}
        onResponderMove={[Function]}
        onResponderReject={[Function]}
        onResponderRelease={[Function]}
        onResponderStart={[Function]}
        onResponderTerminate={[Function]}
        onResponderTerminationRequest={[Function]}
        onStartShouldSetResponder={[Function]}
        onStartShouldSetResponderCapture={[Function]}
        style={
          Object {
            "transform": Array [
              Object {
                "translateX": 0,
              },
            ],
          }
        }>
        <View
          accessibilityComponentType={undefined}
          accessibilityLabel={undefined}
          accessibilityTraits={undefined}
          accessible={true}
          hitSlop={undefined}
          onLayout={undefined}
          onResponderGrant={[Function]}
          onResponderMove={[Function]}
          onResponderRelease={[Function]}
          onResponderTerminate={[Function]}
          onResponderTerminationRequest={[Function]}
          onStartShouldSetResponder={[Function]}
          style={
            Array [
              Object {
                "backgroundColor": "transparent",
              },
              Object {
                "alignItems": "flex-start",
                "backgroundColor": "white",
                "height": 50,
                "justifyContent": "center",
                "marginBottom": 1,
                "paddingLeft": 20,
                "paddingRight": 20,
              },
            ]
          }
          testID={undefined}>
          <View>
            <Text
              accessible={true}
              allowFontScaling={true}
              ellipsizeMode="tail">
              9
               I\'m in a SwipeListView\'
            </Text>
          </View>
        </View>
      </View>
    </View>
    <View
      style={Object {}}>
      <View
        style={
          Array [
            Object {
              "bottom": 0,
              "left": 0,
              "overflow": "hidden",
              "position": "absolute",
              "right": 0,
              "top": 0,
            },
            Object {
              "height": 0,
              "width": 0,
            },
          ]
        }>
        <View
          style={
            Object {
              "alignItems": "center",
              "backgroundColor": "#eaeaea",
              "flex": 1,
              "flexDirection": "row",
              "justifyContent": "space-between",
              "paddingLeft": 15,
            }
          }>
          <View
            accessibilityComponentType={undefined}
            accessibilityLabel={undefined}
            accessibilityTraits={undefined}
            accessible={true}
            hitSlop={undefined}
            onLayout={undefined}
            onResponderGrant={[Function]}
            onResponderMove={[Function]}
            onResponderRelease={[Function]}
            onResponderTerminate={[Function]}
            onResponderTerminationRequest={[Function]}
            onStartShouldSetResponder={[Function]}
            style={
              Object {
                "alignItems": "center",
                "backgroundColor": "red",
                "bottom": 0,
                "justifyContent": "center",
                "marginBottom": 1,
                "marginTop": -1,
                "opacity": 1,
                "position": "absolute",
                "right": 0,
                "top": 0,
                "width": 75,
              }
            }
            testID={undefined}>
            <Text
              accessible={true}
              allowFontScaling={true}
              ellipsizeMode="tail"
              style={
                Object {
                  "color": "#FFF",
                }
              }>
              Delete
            </Text>
          </View>
          <View
            style={
              Array [
                Object {
                  "alignItems": "center",
                  "bottom": 0,
                  "justifyContent": "center",
                  "marginBottom": 1,
                  "marginTop": -1,
                  "position": "absolute",
                  "top": 0,
                  "width": 75,
                },
                Object {
                  "backgroundColor": "blue",
                  "right": 75,
                },
              ]
            }>
            <Text
              accessible={true}
              allowFontScaling={true}
              ellipsizeMode="tail"
              style={
                Object {
                  "color": "#FFF",
                }
              }>
              Text
            </Text>
          </View>
        </View>
      </View>
      <View
        onLayout={[Function]}
        onMoveShouldSetResponder={[Function]}
        onMoveShouldSetResponderCapture={[Function]}
        onResponderEnd={[Function]}
        onResponderGrant={[Function]}
        onResponderMove={[Function]}
        onResponderReject={[Function]}
        onResponderRelease={[Function]}
        onResponderStart={[Function]}
        onResponderTerminate={[Function]}
        onResponderTerminationRequest={[Function]}
        onStartShouldSetResponder={[Function]}
        onStartShouldSetResponderCapture={[Function]}
        style={
          Object {
            "transform": Array [
              Object {
                "translateX": 0,
              },
            ],
          }
        }>
        <View
          accessibilityComponentType={undefined}
          accessibilityLabel={undefined}
          accessibilityTraits={undefined}
          accessible={true}
          hitSlop={undefined}
          onLayout={undefined}
          onResponderGrant={[Function]}
          onResponderMove={[Function]}
          onResponderRelease={[Function]}
          onResponderTerminate={[Function]}
          onResponderTerminationRequest={[Function]}
          onStartShouldSetResponder={[Function]}
          style={
            Array [
              Object {
                "backgroundColor": "transparent",
              },
              Object {
                "alignItems": "flex-start",
                "backgroundColor": "white",
                "height": 50,
                "justifyContent": "center",
                "marginBottom": 1,
                "paddingLeft": 20,
                "paddingRight": 20,
              },
            ]
          }
          testID={undefined}>
          <View>
            <Text
              accessible={true}
              allowFontScaling={true}
              ellipsizeMode="tail">
              10
               I\'m in a SwipeListView\'
            </Text>
          </View>
        </View>
      </View>
    </View>
  </ScrollView>
</View>
`;
