exports[`test renders correctly 1`] = `
<View
  style={
    Object {
      "flex": 1,
      "flexDirection": "row",
    }
  }>
  <View
    style={
      Object {
        "backgroundColor": "red",
        "flex": 0,
        "flexDirection": "column",
        "width": 110,
      }
    } />
  <View
    style={
      Object {
        "backgroundColor": "#eaeaea",
        "flex": 1,
        "flexDirection": "column",
      }
    } />
  <View
    style={
      Object {
        "backgroundColor": "blue",
        "flex": 0,
        "flexDirection": "column",
        "width": 350,
      }
    } />
</View>
`;
